=== B production: per_token packed compact H=128 (quant_missing_impl_0913) ===
Pins: PTOAS 9edc5a0 / TileLang c1a4276c / Nightly adefcb7 / CANN 9.2.0
Config: per_token_cast 512x128 e4m3 packed+round row-major bf16 npc=32

RuntimeError: PTO lowering failed for kernels ['main_kernel'].
Command: ptoas --pto-arch=a5 --pto-backend=vpto --pto-level=level3 \
  .../b_per_token_h128_packed_row/kernel.pto \
  -o .../b_per_token_h128_packed_row/kernel.fatobj.o
stderr:
Warning: PTO_ISA_PATH/PTO_ISA_ROOT is not set; C++ device object emission may fail to include pto/pto-inst.hpp.
loc("94"(.../kernel.pto":116:23)): error: VMI-RESIDUAL-OP: failed to convert all VMI ops/types to VPTO
Error: VPTO emission pipeline failed.

Production PTODSL is tilelang_dump.ptodsl.py (dual V<64>, packed UE8M0).
desired_vmi.ptodsl.py remains the legal V<128 x bf16> design target.

=== B fused compact TMA sibling (H=128 e4m3→e4m3 packed (32,32)) ===
RESULT ... error=TypeError: T.vmi.vand(...) requires mask and vector lane counts to match
Same leftover class: packed compact H % 256 != 0.

=== Withdrawn (kernel-closed 0913; kept for history) ===
per_block H=384 128-strip isolate used to VMI-RESIDUAL-OP (see
archive/per_block_h384/recorded.log). Dual V<64> now bitwise vs ASC.
per_token unpacked compact H=128/384 also bitwise (dual V<64>).
